
> server@1.0.0 test
> cross-env NODE_ENV=test jest --testTimeout=5000 --runInBand --detectOpenHandles --forceExit

  console.log
    Server is active on port : 2003

      at Server.log (server.js:39:13)

  console.log
    Connection Established Successfully

      at NativeConnection.log (server.js:35:13)

POST /user/login 200 192 - 627.165 ms
POST /user/login 401 30 - 265.508 ms
GET /logout 200 2 - 0.376 ms
